// Jest Snapshot v1, https://goo.gl/fbAQLP

exports[`Main Page Should match the snapshot 1`] = `
<div
  className="container"
  style={
    Object {
      "padding": 0,
    }
  }
/>
`;
