// Jest Snapshot v1, https://goo.gl/fbAQLP

exports[`Main Page Should match the snapshot 1`] = `
Array [
  <div
    className="region"
  >
    <div
      className="bar"
    >
      <div>
        <a
          href="/"
          onClick={[Function]}
        >
          <i
            className="bi bi-chevron-left"
          />
        </a>
        <span>
          2023
        </span>
      </div>
      <span>
        most Companies
      </span>
      <div
        className="navLinks"
      >
        <a
          href="/"
          onClick={[Function]}
        >
          <i
            className="bi bi-mic-fill"
          />
        </a>
        <a
          href="/"
          onClick={[Function]}
        >
          <i
            className="bi bi-gear-wide"
          />
        </a>
      </div>
    </div>
    <h1
      className="country"
    >
      42 USA'S COMPANIES
    </h1>
  </div>,
  <div>
    Data are fetching...
  </div>,
]
`;
